00:00 +0: loading C:/LTDD_K6/thpt_exam_prep_app/test/student_main_screen_test.dart
00:00 +0: StudentMainScreen should render without throwing
00:03 +0 -1: StudentMainScreen should render without throwing [E]
  'package:flutter_test/src/binding.dart': Failed assertion: line 1018 pos 9: '_pendingExceptionDetails != null': A test overrode FlutterError.onError but either failed to return it to its original state, or had unexpected additional errors that it could not handle. Typically, this is caused by using expect() before restoring FlutterError.onError.
  dart:core                                           _AssertionError._throwNew
  package:flutter_test/src/binding.dart 1018:9        TestWidgetsFlutterBinding._runTest.handleUncaughtError
  package:flutter_test/src/binding.dart 1027:13       TestWidgetsFlutterBinding._runTest.<fn>
  ===== asynchronous gap ===========================
  dart:async                                          _CustomZone.registerBinaryCallback
  package:flutter_test/src/binding.dart 1048:5        TestWidgetsFlutterBinding._runTestBody
  dart:async                                          _CustomZone.runBinary
  package:flutter_test/src/binding.dart 1033:10       TestWidgetsFlutterBinding._runTest
  package:flutter_test/src/binding.dart 1564:24       AutomatedTestWidgetsFlutterBinding.runTest.<fn>
  package:fake_async/fake_async.dart 182:47           FakeAsync.run.<fn>.<fn>
  dart:async                                          runZoned
  package:clock/src/default.dart 52:10                withClock
  package:fake_async/fake_async.dart 182:15           FakeAsync.run.<fn>
  dart:async                                          runZoned
  package:fake_async/fake_async.dart 181:52           FakeAsync.run
  package:flutter_test/src/binding.dart 1561:15       AutomatedTestWidgetsFlutterBinding.runTest
  package:flutter_test/src/widget_tester.dart 184:24  testWidgets.<fn>
  
  TimeoutException after 0:10:00.000000: Test timed out after 10 minutes.
  dart:isolate  _RawReceivePort._handleMessage
  
10:00 +0 -1: Some tests failed.
